>>> main
this is the global object
DebugPrint: 0xf88080c2aa1: [JSGlobalProxy]
 - map: 0x0f880828635d <Map(HOLEY_ELEMENTS)> [FastProperties]
 - prototype: 0x0f880824fce9 <JSObject>
 - elements: 0x0f88080426e5 <FixedArray[0]> [HOLEY_ELEMENTS]
 - hash: 1032100
 - native context: 0x0f8808242fc5 <NativeContext[242]>
 - properties:  {}
0xf880828635d: [Map]
 - type: JS_GLOBAL_PROXY_TYPE
 - instance size: 16
 - inobject properties: 0
 - elements kind: HOLEY_ELEMENTS
 - unused property fields: 0
 - enum length: invalid
 - stable_map
 - may_have_interesting_symbols
 - access_check_needed
 - back pointer: 0x0f8808042309 <undefined>
 - prototype_validity cell: 0x0f88081c244d <Cell value= 1>
 - instance descriptors (own) #0: 0x0f88080421b1 <DescriptorArray[0]>
 - prototype: 0x0f880824fce9 <JSObject>
 - constructor: 0x0f880824fd25 <JSFunction (sfi = 0xf880824fcfd)>
 - dependent code: 0x0f88080421e9 <Other heap object (WEAK_FIXED_ARRAY_TYPE)>
 - construction counter: 0

<<<
>>> function
this is undefined
DebugPrint: 0xf8808042309: [Oddball] in ReadOnlySpace: #undefined
0xf8808042325: [Map] in ReadOnlySpace
 - type: ODDBALL_TYPE
 - instance size: 28
 - elements kind: HOLEY_ELEMENTS
 - unused property fields: 0
 - enum length: invalid
 - stable_map
 - undetectable
 - non-extensible
 - back pointer: 0x0f8808042309 <undefined>
 - prototype_validity cell: 0
 - instance descriptors (own) #0: 0x0f88080421b1 <DescriptorArray[0]>
 - prototype: 0x0f880804216d <null>
 - constructor: 0x0f880804216d <null>
 - dependent code: 0x0f88080421e9 <Other heap object (WEAK_FIXED_ARRAY_TYPE)>
 - construction counter: 0

<<<
>>> arrow
this is the global object
DebugPrint: 0xf88080c2aa1: [JSGlobalProxy]
 - map: 0x0f880828635d <Map(HOLEY_ELEMENTS)> [FastProperties]
 - prototype: 0x0f880824fce9 <JSObject>
 - elements: 0x0f88080426e5 <FixedArray[0]> [HOLEY_ELEMENTS]
 - hash: 1032100
 - native context: 0x0f8808242fc5 <NativeContext[242]>
 - properties:  {}
0xf880828635d: [Map]
 - type: JS_GLOBAL_PROXY_TYPE
 - instance size: 16
 - inobject properties: 0
 - elements kind: HOLEY_ELEMENTS
 - unused property fields: 0
 - enum length: invalid
 - stable_map
 - may_have_interesting_symbols
 - access_check_needed
 - back pointer: 0x0f8808042309 <undefined>
 - prototype_validity cell: 0x0f88081c244d <Cell value= 1>
 - instance descriptors (own) #0: 0x0f88080421b1 <DescriptorArray[0]>
 - prototype: 0x0f880824fce9 <JSObject>
 - constructor: 0x0f880824fd25 <JSFunction (sfi = 0xf880824fcfd)>
 - dependent code: 0x0f88080421e9 <Other heap object (WEAK_FIXED_ARRAY_TYPE)>
 - construction counter: 0

<<<
